
> quiniela-metro@0.1.0 build
> next build

▲ Next.js 16.2.7 (Turbopack)

  Creating an optimized production build ...
✓ Compiled successfully in 7.3s
  Running TypeScript ...
Next.js build worker exited with code: 3221226505 and signal: null
